ERC report (2026-04-17T13:24:53, Encoding UTF8)
Report includes: Errors, Warnings

***** Sheet /
[pin_not_connected]: Pin not connected
    ; error
    @(0.00 mm, 0.00 mm): Symbol #PWR001 Pin 1 [out, Power output, Line]
[pin_not_connected]: Pin not connected
    ; error
    @(5.08 mm, 2.54 mm): Symbol C1 Pin 1 [1, Passive, Line]
[pin_not_connected]: Pin not connected
    ; error
    @(7.62 mm, 0.00 mm): Symbol #PWR002 Pin 1 [out, Power output, Line]
[pin_not_connected]: Pin not connected
    ; error
    @(5.08 mm, 7.62 mm): Symbol C1 Pin 2 [2, Passive, Line]
[pin_not_connected]: Pin not connected
    ; error
    @(5.08 mm, 8.89 mm): Symbol R1 Pin 1 [1, Passive, Line]
[pin_not_connected]: Pin not connected
    ; error
    @(10.16 mm, 2.54 mm): Symbol C2 Pin 1 [1, Passive, Line]
[pin_not_connected]: Pin not connected
    ; error
    @(10.16 mm, 7.62 mm): Symbol C2 Pin 2 [2, Passive, Line]
[pin_not_connected]: Pin not connected
    ; error
    @(10.16 mm, 8.89 mm): Symbol R2 Pin 1 [1, Passive, Line]
[pin_not_connected]: Pin not connected
    ; error
    @(15.24 mm, 0.00 mm): Symbol #PWR003 Pin 1 [out, Power output, Line]
[pin_not_connected]: Pin not connected
    ; error
    @(15.24 mm, 2.54 mm): Symbol C3 Pin 1 [1, Passive, Line]
[pin_not_connected]: Pin not connected
    ; error
    @(15.24 mm, 7.62 mm): Symbol C3 Pin 2 [2, Passive, Line]
[pin_not_connected]: Pin not connected
    ; error
    @(5.08 mm, 16.51 mm): Symbol R1 Pin 2 [2, Passive, Line]
[pin_not_connected]: Pin not connected
    ; error
    @(10.16 mm, 16.51 mm): Symbol R2 Pin 2 [2, Passive, Line]
[pin_not_connected]: Pin not connected
    ; error
    @(20.32 mm, 2.54 mm): Symbol C4 Pin 1 [1, Passive, Line]
[pin_not_connected]: Pin not connected
    ; error
    @(16.51 mm, 12.70 mm): Symbol Y1 Pin 1 [1, Passive, Line]
[pin_not_connected]: Pin not connected
    ; error
    @(15.24 mm, 15.24 mm): Symbol C6 Pin 1 [1, Passive, Line]
[pin_not_connected]: Pin not connected
    ; error
    @(20.32 mm, 7.62 mm): Symbol C4 Pin 2 [2, Passive, Line]
[pin_not_connected]: Pin not connected
    ; error
    @(22.86 mm, 0.00 mm): Symbol #PWR004 Pin 1 [out, Power output, Line]
[pin_not_connected]: Pin not connected
    ; error
    @(15.24 mm, 20.32 mm): Symbol C6 Pin 2 [2, Passive, Line]
[pin_not_connected]: Pin not connected
    ; error
    @(25.40 mm, 2.54 mm): Symbol C5 Pin 1 [1, Passive, Line]
[pin_not_connected]: Pin not connected
    ; error
    @(25.40 mm, 7.62 mm): Symbol C5 Pin 2 [2, Passive, Line]
[pin_not_connected]: Pin not connected
    ; error
    @(24.13 mm, 12.70 mm): Symbol Y1 Pin 2 [2, Passive, Line]
[pin_not_connected]: Pin not connected
    ; error
    @(25.40 mm, 15.24 mm): Symbol C7 Pin 1 [1, Passive, Line]
[pin_not_connected]: Pin not connected
    ; error
    @(30.48 mm, 0.00 mm): Symbol #PWR005 Pin 1 [out, Power output, Line]
[pin_not_connected]: Pin not connected
    ; error
    @(30.48 mm, 2.54 mm): Symbol L1 Pin 1 [1, Passive, Line]
[pin_not_connected]: Pin not connected
    ; error
    @(30.48 mm, 7.62 mm): Symbol L1 Pin 2 [2, Passive, Line]
[pin_not_connected]: Pin not connected
    ; error
    @(25.40 mm, 20.32 mm): Symbol C7 Pin 2 [2, Passive, Line]
[pin_not_connected]: Pin not connected
    ; error
    @(38.10 mm, 1.27 mm): Symbol R29 Pin 1 [1, Passive, Line]
[pin_not_connected]: Pin not connected
    ; error
    @(38.10 mm, 8.89 mm): Symbol R29 Pin 2 [2, Passive, Line]
[pin_not_connected]: Pin not connected
    ; error
    @(5.08 mm, 52.07 mm): Symbol R5 Pin 1 [1, Passive, Line]
[pin_not_connected]: Pin not connected
    ; error
    @(53.34 mm, 22.86 mm): Symbol U1 Pin 23 [VSS, Power input, Line]
[pin_not_connected]: Pin not connected
    ; error
    @(53.34 mm, 25.40 mm): Symbol U1 Pin 22 [PB11, Bidirectional, Line]
[pin_not_connected]: Pin not connected
    ; error
    @(5.08 mm, 59.69 mm): Symbol R5 Pin 2 [2, Passive, Line]
[pin_not_connected]: Pin not connected
    ; error
    @(53.34 mm, 27.94 mm): Symbol U1 Pin 21 [PB10, Bidirectional, Line]
[pin_not_connected]: Pin not connected
    ; error
    @(30.48 mm, 52.07 mm): Symbol R8 Pin 1 [1, Passive, Line]
[pin_not_connected]: Pin not connected
    ; error
    @(53.34 mm, 30.48 mm): Symbol U1 Pin 20 [PB2, Bidirectional, Line]
[pin_not_connected]: Pin not connected
    ; error
    @(53.34 mm, 33.02 mm): Symbol U1 Pin 19 [PB1, Bidirectional, Line]
[pin_not_connected]: Pin not connected
    ; error
    @(35.56 mm, 52.07 mm): Symbol R10 Pin 1 [1, Passive, Line]
[pin_not_connected]: Pin not connected
    ; error
    @(2.54 mm, 63.50 mm): Symbol Q1 Pin 1 [B, Input, Line]
[pin_not_connected]: Pin not connected
    ; error
    @(53.34 mm, 35.56 mm): Symbol U1 Pin 18 [PB0, Bidirectional, Line]
[pin_not_connected]: Pin not connected
    ; error
    @(53.34 mm, 38.10 mm): Symbol U1 Pin 17 [PA7, Bidirectional, Line]
[pin_not_connected]: Pin not connected
    ; error
    @(40.64 mm, 52.07 mm): Symbol R12 Pin 1 [1, Passive, Line]
[pin_not_connected]: Pin not connected
    ; error
    @(7.62 mm, 66.04 mm): Symbol Q1 Pin 3 [C, Passive, Line]
[pin_not_connected]: Pin not connected
    ; error
    @(30.48 mm, 59.69 mm): Symbol R8 Pin 2 [2, Passive, Line]
[pin_not_connected]: Pin not connected
    ; error
    @(53.34 mm, 40.64 mm): Symbol U1 Pin 16 [PA6, Bidirectional, Line]
[pin_not_connected]: Pin not connected
    ; error
    @(53.34 mm, 43.18 mm): Symbol U1 Pin 15 [PA5, Bidirectional, Line]
[pin_not_connected]: Pin not connected
    ; error
    @(45.72 mm, 52.07 mm): Symbol R14 Pin 1 [1, Passive, Line]
[pin_not_connected]: Pin not connected
    ; error
    @(33.02 mm, 60.96 mm): Symbol Q2 Pin 2 [E, Passive, Line]
[pin_not_connected]: Pin not connected
    ; error
    @(27.94 mm, 63.50 mm): Symbol Q2 Pin 1 [B, Input, Line]
[pin_not_connected]: Pin not connected
    ; error
    @(35.56 mm, 59.69 mm): Symbol R10 Pin 2 [2, Passive, Line]
[pin_not_connected]: Pin not connected
    ; error
    @(53.34 mm, 45.72 mm): Symbol U1 Pin 14 [PA4, Bidirectional, Line]
[pin_not_connected]: Pin not connected
    ; error
    @(33.02 mm, 63.50 mm): Symbol Q3 Pin 1 [B, Input, Line]
[pin_not_connected]: Pin not connected
    ; error
    @(38.10 mm, 60.96 mm): Symbol Q3 Pin 2 [E, Passive, Line]
[pin_not_connected]: Pin not connected
    ; error
    @(53.34 mm, 48.26 mm): Symbol U1 Pin 13 [PA3, Bidirectional, Line]
[pin_not_connected]: Pin not connected
    ; error
    @(40.64 mm, 59.69 mm): Symbol R12 Pin 2 [2, Passive, Line]
[pin_not_connected]: Pin not connected
    ; error
    @(5.08 mm, 72.39 mm): Symbol R6 Pin 1 [1, Passive, Line]
[pin_not_connected]: Pin not connected
    ; error
    @(50.80 mm, 52.07 mm): Symbol R16 Pin 1 [1, Passive, Line]
[pin_not_connected]: Pin not connected
    ; error
    @(53.34 mm, 50.80 mm): Symbol U1 Pin 12 [PA2, Bidirectional, Line]
[pin_not_connected]: Pin not connected
    ; error
    @(33.02 mm, 66.04 mm): Symbol Q2 Pin 3 [C, Passive, Line]
[pin_not_connected]: Pin not connected
    ; error
    @(30.48 mm, 67.31 mm): Symbol R9 Pin 1 [1, Passive, Line]
[pin_not_connected]: Pin not connected
    ; error
    @(38.10 mm, 63.50 mm): Symbol Q4 Pin 1 [B, Input, Line]
[pin_not_connected]: Pin not connected
    ; error
    @(43.18 mm, 60.96 mm): Symbol Q4 Pin 2 [E, Passive, Line]
[pin_not_connected]: Pin not connected
    ; error
    @(45.72 mm, 59.69 mm): Symbol R14 Pin 2 [2, Passive, Line]
[pin_not_connected]: Pin not connected
    ; error
    @(53.34 mm, 53.34 mm): Symbol U1 Pin 11 [PA1, Bidirectional, Line]
[pin_not_connected]: Pin not connected
    ; error
    @(73.66 mm, 17.78 mm): Symbol U1 Pin 50 [PB15, Bidirectional, Line]
[pin_not_connected]: Pin not connected
    ; error
    @(35.56 mm, 67.31 mm): Symbol R11 Pin 1 [1, Passive, Line]
[pin_not_connected]: Pin not connected
    ; error
    @(38.10 mm, 66.04 mm): Symbol Q3 Pin 3 [C, Passive, Line]
[pin_not_connected]: Pin not connected
    ; error
    @(55.88 mm, 52.07 mm): Symbol R18 Pin 1 [1, Passive, Line]
[pin_not_connected]: Pin not connected
    ; error
    @(73.66 mm, 20.32 mm): Symbol U1 Pin 49 [PB14, Bidirectional, Line]
[pin_not_connected]: Pin not connected
    ; error
    @(43.18 mm, 63.50 mm): Symbol Q5 Pin 1 [B, Input, Line]
[pin_not_connected]: Pin not connected
    ; error
    @(73.66 mm, 22.86 mm): Symbol U1 Pin 48 [PB13, Bidirectional, Line]
[pin_not_connected]: Pin not connected
    ; error
    @(53.34 mm, 55.88 mm): Symbol U1 Pin 10 [PA0, Bidirectional, Line]
[pin_not_connected]: Pin not connected
    ; error
    @(5.08 mm, 77.47 mm): Symbol R7 Pin 1 [1, Passive, Line]
[pin_not_connected]: Pin not connected
    ; error
    @(48.26 mm, 60.96 mm): Symbol Q5 Pin 2 [E, Passive, Line]
[pin_not_connected]: Pin not connected
    ; error
    @(73.66 mm, 25.40 mm): Symbol U1 Pin 47 [PB12, Bidirectional, Line]
[pin_not_connected]: Pin not connected
    ; error
    @(50.80 mm, 59.69 mm): Symbol R16 Pin 2 [2, Passive, Line]
[pin_not_connected]: Pin not connected
    ; error
    @(40.64 mm, 67.31 mm): Symbol R13 Pin 1 [1, Passive, Line]
[pin_not_connected]: Pin not connected
    ; error
    @(73.66 mm, 27.94 mm): Symbol U1 Pin 46 [PB11, Bidirectional, Line]
[pin_not_connected]: Pin not connected
    ; error
    @(43.18 mm, 66.04 mm): Symbol Q4 Pin 3 [C, Passive, Line]
[pin_not_connected]: Pin not connected
    ; error
    @(53.34 mm, 58.42 mm): Symbol U1 Pin 9 [VDDA, Power input, Line]
[pin_not_connected]: Pin not connected
    ; error
    @(73.66 mm, 30.48 mm): Symbol U1 Pin 45 [PB10, Bidirectional, Line]
[pin_not_connected]: Pin not connected
    ; error
    @(48.26 mm, 63.50 mm): Symbol Q6 Pin 1 [B, Input, Line]
[pin_not_connected]: Pin not connected
    ; error
    @(5.08 mm, 80.01 mm): Symbol R6 Pin 2 [2, Passive, Line]
[pin_not_connected]: Pin not connected
    ; error
    @(73.66 mm, 33.02 mm): Symbol U1 Pin 44 [PB9, Bidirectional, Line]
[pin_not_connected]: Pin not connected
    ; error
    @(30.48 mm, 74.93 mm): Symbol R9 Pin 2 [2, Passive, Line]
[pin_not_connected]: Pin not connected
    ; error
    @(45.72 mm, 67.31 mm): Symbol R15 Pin 1 [1, Passive, Line]
[pin_not_connected]: Pin not connected
    ; error
    @(55.88 mm, 59.69 mm): Symbol R18 Pin 2 [2, Passive, Line]
[pin_not_connected]: Pin not connected
    ; error
    @(48.26 mm, 66.04 mm): Symbol Q5 Pin 3 [C, Passive, Line]
[pin_not_connected]: Pin not connected
    ; error
    @(73.66 mm, 38.10 mm): Symbol U1 Pin 42 [BOOT0, Input, Line]
[pin_not_connected]: Pin not connected
    ; error
    @(35.56 mm, 74.93 mm): Symbol R11 Pin 2 [2, Passive, Line]
[pin_not_connected]: Pin not connected
    ; error
    @(66.04 mm, 52.07 mm): Symbol R32 Pin 1 [1, Passive, Line]
[pin_not_connected]: Pin not connected
    ; error
    @(73.66 mm, 40.64 mm): Symbol U1 Pin 41 [PB7, Bidirectional, Line]
[pin_not_connected]: Pin not connected
    ; error
    @(50.80 mm, 67.31 mm): Symbol R17 Pin 1 [1, Passive, Line]
[pin_not_connected]: Pin not connected
    ; error
    @(58.42 mm, 60.96 mm): Symbol Q7 Pin 2 [E, Passive, Line]
[pin_not_connected]: Pin not connected
    ; error
    @(40.64 mm, 74.93 mm): Symbol R13 Pin 2 [2, Passive, Line]
[pin_not_connected]: Pin not connected
    ; error
    @(60.96 mm, 59.69 mm): Symbol R20 Pin 2 [2, Passive, Line]
[pin_not_connected]: Pin not connected
    ; error
    @(73.66 mm, 43.18 mm): Symbol U1 Pin 40 [PB6, Bidirectional, Line]
[pin_not_connected]: Pin not connected
    ; error
    @(73.66 mm, 45.72 mm): Symbol U1 Pin 39 [PB5, Bidirectional, Line]
[pin_not_connected]: Pin not connected
    ; error
    @(53.34 mm, 68.58 mm): Symbol U1 Pin 5 [PD0, Bidirectional, Line]
[pin_not_connected]: Pin not connected
    ; error
    @(31.75 mm, 81.28 mm): Symbol J3 Pin 1 [1, Passive, Line]
[pin_not_connected]: Pin not connected
    ; error
    @(55.88 mm, 67.31 mm): Symbol R19 Pin 1 [1, Passive, Line]
[pin_not_connected]: Pin not connected
    ; error
    @(45.72 mm, 74.93 mm): Symbol R15 Pin 2 [2, Passive, Line]
[pin_not_connected]: Pin not connected
    ; error
    @(73.66 mm, 48.26 mm): Symbol U1 Pin 38 [PB4, Bidirectional, Line]
[pin_not_connected]: Pin not connected
    ; error
    @(58.42 mm, 66.04 mm): Symbol Q7 Pin 3 [C, Passive, Line]
[pin_not_connected]: Pin not connected
    ; error
    @(34.29 mm, 81.28 mm): Symbol J3 Pin 2 [2, Passive, Line]
[pin_not_connected]: Pin not connected
    ; error
    @(53.34 mm, 71.12 mm): Symbol U1 Pin 4 [PC15, Bidirectional, Line]
[pin_not_connected]: Pin not connected
    ; error
    @(-1.27 mm, 88.90 mm): Symbol J2 Pin 1 [1, Passive, Line]
[pin_not_connected]: Pin not connected
    ; error
    @(3.81 mm, 88.90 mm): Symbol J2 Pin 3 [3, Passive, Line]
[pin_not_connected]: Pin not connected
    ; error
    @(66.04 mm, 59.69 mm): Symbol R32 Pin 2 [2, Passive, Line]
[pin_not_connected]: Pin not connected
    ; error
    @(6.35 mm, 88.90 mm): Symbol J2 Pin 4 [4, Passive, Line]
[pin_not_connected]: Pin not connected
    ; error
    @(36.83 mm, 81.28 mm): Symbol J3 Pin 3 [3, Passive, Line]
[pin_not_connected]: Pin not connected
    ; error
    @(8.89 mm, 88.90 mm): Symbol J2 Pin 5 [5, Passive, Line]
[pin_not_connected]: Pin not connected
    ; error
    @(73.66 mm, 50.80 mm): Symbol U1 Pin 37 [PB3, Bidirectional, Line]
[pin_not_connected]: Pin not connected
    ; error
    @(11.43 mm, 88.90 mm): Symbol J2 Pin 6 [6, Passive, Line]
[pin_not_connected]: Pin not connected
    ; error
    @(39.37 mm, 81.28 mm): Symbol J3 Pin 4 [4, Passive, Line]
[pin_not_connected]: Pin not connected
    ; error
    @(50.80 mm, 74.93 mm): Symbol R17 Pin 2 [2, Passive, Line]
[pin_not_connected]: Pin not connected
    ; error
    @(53.34 mm, 73.66 mm): Symbol U1 Pin 3 [PC14, Bidirectional, Line]
[pin_not_connected]: Pin not connected
    ; error
    @(41.91 mm, 81.28 mm): Symbol J3 Pin 5 [5, Passive, Line]
[pin_not_connected]: Pin not connected
    ; error
    @(76.20 mm, 52.07 mm): Symbol R21 Pin 1 [1, Passive, Line]
[pin_not_connected]: Pin not connected
    ; error
    @(73.66 mm, 55.88 mm): Symbol U1 Pin 35 [PA14, Bidirectional, Line]
[pin_not_connected]: Pin not connected
    ; error
    @(44.45 mm, 81.28 mm): Symbol J3 Pin 6 [6, Passive, Line]
[pin_not_connected]: Pin not connected
    ; error
    @(53.34 mm, 76.20 mm): Symbol U1 Pin 2 [PC13, Bidirectional, Line]
[pin_not_connected]: Pin not connected
    ; error
    @(55.88 mm, 74.93 mm): Symbol R19 Pin 2 [2, Passive, Line]
[pin_not_connected]: Pin not connected
    ; error
    @(46.99 mm, 81.28 mm): Symbol J3 Pin 7 [7, Passive, Line]
[pin_not_connected]: Pin not connected
    ; error
    @(73.66 mm, 58.42 mm): Symbol U1 Pin 48 [VDD, Power input, Line]
[pin_not_connected]: Pin not connected
    ; error
    @(53.34 mm, 78.74 mm): Symbol U1 Pin 1 [VBAT, Power input, Line]
[pin_not_connected]: Pin not connected
    ; error
    @(49.53 mm, 81.28 mm): Symbol J3 Pin 8 [8, Passive, Line]
[pin_not_connected]: Pin not connected
    ; error
    @(73.66 mm, 60.96 mm): Symbol U1 Pin 37 [VDD, Power input, Line]
[pin_not_connected]: Pin not connected
    ; error
    @(76.20 mm, 59.69 mm): Symbol R21 Pin 2 [2, Passive, Line]
[pin_not_connected]: Pin not connected
    ; error
    @(83.82 mm, 52.07 mm): Symbol R22 Pin 1 [1, Passive, Line]
[pin_not_connected]: Pin not connected
    ; error
    @(73.66 mm, 66.04 mm): Symbol U1 Pin 34 [PA13, Bidirectional, Line]
[pin_not_connected]: Pin not connected
    ; error
    @(78.74 mm, 60.96 mm): Symbol Q8 Pin 2 [E, Passive, Line]
[pin_not_connected]: Pin not connected
    ; error
    @(73.66 mm, 68.58 mm): Symbol U1 Pin 33 [PA12, Bidirectional, Line]
[pin_not_connected]: Pin not connected
    ; error
    @(101.60 mm, 1.27 mm): Symbol R3 Pin 1 [1, Passive, Line]
[pin_not_connected]: Pin not connected
    ; error
    @(101.60 mm, 8.89 mm): Symbol R3 Pin 2 [2, Passive, Line]
[pin_not_connected]: Pin not connected
    ; error
    @(73.66 mm, 71.12 mm): Symbol U1 Pin 32 [PA11, Bidirectional, Line]
[pin_not_connected]: Pin not connected
    ; error
    @(78.74 mm, 66.04 mm): Symbol Q8 Pin 3 [C, Passive, Line]
[pin_not_connected]: Pin not connected
    ; error
    @(83.82 mm, 59.69 mm): Symbol R22 Pin 2 [2, Passive, Line]
[pin_not_connected]: Pin not connected
    ; error
    @(81.28 mm, 63.50 mm): Symbol Q9 Pin 1 [B, Input, Line]
[pin_not_connected]: Pin not connected
    ; error
    @(102.87 mm, 12.70 mm): Symbol J1 Pin 1 [1, Passive, Line]
[pin_not_connected]: Pin not connected
    ; error
    @(73.66 mm, 73.66 mm): Symbol U1 Pin 31 [PA10, Bidirectional, Line]
[pin_not_connected]: Pin not connected
    ; error
    @(86.36 mm, 60.96 mm): Symbol Q9 Pin 2 [E, Passive, Line]
[pin_not_connected]: Pin not connected
    ; error
    @(73.66 mm, 76.20 mm): Symbol U1 Pin 30 [PA9, Bidirectional, Line]
[pin_not_connected]: Pin not connected
    ; error
    @(105.41 mm, 12.70 mm): Symbol J1 Pin 2 [2, Passive, Line]
[pin_not_connected]: Pin not connected
    ; error
    @(106.68 mm, 1.27 mm): Symbol R4 Pin 1 [1, Passive, Line]
[pin_not_connected]: Pin not connected
    ; error
    @(106.68 mm, 8.89 mm): Symbol R4 Pin 2 [2, Passive, Line]
[pin_not_connected]: Pin not connected
    ; error
    @(106.68 mm, 15.24 mm): Symbol U2 Pin 14 [INT, Output, Line]
[pin_not_connected]: Pin not connected
    ; error
    @(73.66 mm, 78.74 mm): Symbol U1 Pin 29 [PA8, Bidirectional, Line]
[pin_not_connected]: Pin not connected
    ; error
    @(106.68 mm, 17.78 mm): Symbol U2 Pin 13 [SDA, Bidirectional, Line]
[pin_not_connected]: Pin not connected
    ; error
    @(106.68 mm, 20.32 mm): Symbol U2 Pin 12 [SCL, Input, Line]
[pin_not_connected]: Pin not connected
    ; error
    @(107.95 mm, 12.70 mm): Symbol J1 Pin 3 [3, Passive, Line]
[pin_not_connected]: Pin not connected
    ; error
    @(86.36 mm, 66.04 mm): Symbol Q9 Pin 3 [C, Passive, Line]
[pin_not_connected]: Pin not connected
    ; error
    @(106.68 mm, 22.86 mm): Symbol U3 Pin 8 [VCC, Power input, Line]
[pin_not_connected]: Pin not connected
    ; error
    @(106.68 mm, 30.48 mm): Symbol U3 Pin 4 [GND, Power input, Line]
[pin_not_connected]: Pin not connected
    ; error
    @(109.22 mm, 20.32 mm): Symbol U2 Pin 3 [A2, Input, Line]
[pin_not_connected]: Pin not connected
    ; error
    @(110.49 mm, 12.70 mm): Symbol J1 Pin 4 [4, Passive, Line]
[pin_not_connected]: Pin not connected
    ; error
    @(96.52 mm, 59.69 mm): Symbol R30 Pin 1 [1, Passive, Line]
[pin_not_connected]: Pin not connected
    ; error
    @(111.76 mm, 20.32 mm): Symbol U2 Pin 2 [A1, Input, Line]
[pin_not_connected]: Pin not connected
    ; error
    @(109.22 mm, 38.10 mm): Symbol U3 Pin 3 [A2, Input, Line]
[pin_not_connected]: Pin not connected
    ; error
    @(114.30 mm, 20.32 mm): Symbol U2 Pin 1 [A0, Input, Line]
[pin_not_connected]: Pin not connected
    ; error
    @(114.30 mm, 22.86 mm): Symbol U3 Pin 7 [WP, Input, Line]
[pin_not_connected]: Pin not connected
    ; error
    @(101.60 mm, 59.69 mm): Symbol R31 Pin 1 [1, Passive, Line]
[pin_not_connected]: Pin not connected
    ; error
    @(111.76 mm, 38.10 mm): Symbol U3 Pin 2 [A1, Input, Line]
[pin_not_connected]: Pin not connected
    ; error
    @(106.68 mm, 52.07 mm): Symbol R23 Pin 1 [1, Passive, Line]
[pin_not_connected]: Pin not connected
    ; error
    @(119.38 mm, 5.08 mm): Symbol U2 Pin 16 [GND, Power input, Line]
[pin_not_connected]: Pin not connected
    ; error
    @(114.30 mm, 38.10 mm): Symbol U3 Pin 1 [A0, Input, Line]
[pin_not_connected]: Pin not connected
    ; error
    @(119.38 mm, 20.32 mm): Symbol U2 Pin 15 [VDD, Power input, Line]
[pin_not_connected]: Pin not connected
    ; error
    @(96.52 mm, 74.93 mm): Symbol D1 Pin 2 [K, Passive, Line]
[pin_not_connected]: Pin not connected
    ; error
    @(106.68 mm, 59.69 mm): Symbol R23 Pin 2 [2, Passive, Line]
[pin_not_connected]: Pin not connected
    ; error
    @(121.92 mm, 12.70 mm): Symbol U2 Pin 4 [P0, Bidirectional, Line]
[pin_not_connected]: Pin not connected
    ; error
    @(121.92 mm, 15.24 mm): Symbol U2 Pin 5 [P1, Bidirectional, Line]
[pin_not_connected]: Pin not connected
    ; error
    @(121.92 mm, 17.78 mm): Symbol U2 Pin 6 [P2, Bidirectional, Line]
[pin_not_connected]: Pin not connected
    ; error
    @(111.76 mm, 52.07 mm): Symbol R24 Pin 1 [1, Passive, Line]
[pin_not_connected]: Pin not connected
    ; error
    @(121.92 mm, 20.32 mm): Symbol U2 Pin 7 [P3, Bidirectional, Line]
[pin_not_connected]: Pin not connected
    ; error
    @(121.92 mm, 22.86 mm): Symbol U2 Pin 8 [P4, Bidirectional, Line]
[pin_not_connected]: Pin not connected
    ; error
    @(121.92 mm, 25.40 mm): Symbol U2 Pin 9 [P5, Bidirectional, Line]
[pin_not_connected]: Pin not connected
    ; error
    @(121.92 mm, 27.94 mm): Symbol U2 Pin 10 [P6, Bidirectional, Line]
[pin_not_connected]: Pin not connected
    ; error
    @(106.68 mm, 67.31 mm): Symbol R27 Pin 1 [1, Passive, Line]
[pin_not_connected]: Pin not connected
    ; error
    @(101.60 mm, 74.93 mm): Symbol D2 Pin 2 [K, Passive, Line]
[pin_not_connected]: Pin not connected
    ; error
    @(121.92 mm, 33.02 mm): Symbol U3 Pin 6 [SCL, Input, Line]
[pin_not_connected]: Pin not connected
    ; error
    @(111.76 mm, 59.69 mm): Symbol R24 Pin 2 [2, Passive, Line]
[pin_not_connected]: Pin not connected
    ; error
    @(116.84 mm, 52.07 mm): Symbol R25 Pin 1 [1, Passive, Line]
[pin_not_connected]: Pin not connected
    ; error
    @(106.68 mm, 74.93 mm): Symbol R27 Pin 2 [2, Passive, Line]
[pin_not_connected]: Pin not connected
    ; error
    @(111.76 mm, 67.31 mm): Symbol R28 Pin 1 [1, Passive, Line]
[pin_not_connected]: Pin not connected
    ; error
    @(116.84 mm, 59.69 mm): Symbol R25 Pin 2 [2, Passive, Line]
[pin_not_connected]: Pin not connected
    ; error
    @(121.92 mm, 52.07 mm): Symbol R26 Pin 1 [1, Passive, Line]
[pin_not_connected]: Pin not connected
    ; error
    @(111.76 mm, 74.93 mm): Symbol R28 Pin 2 [2, Passive, Line]
[pin_not_connected]: Pin not connected
    ; error
    @(121.92 mm, 59.69 mm): Symbol R26 Pin 2 [2, Passive, Line]
[lib_symbol_mismatch]: Symbol 'VDD' doesn't match copy in library 'power'
    ; warning
    @(0.00 mm, 0.00 mm): Symbol #PWR001 [VDD]
[lib_symbol_mismatch]: Symbol 'C_Small' doesn't match copy in library 'Device'
    ; warning
    @(5.08 mm, 5.08 mm): Symbol C1 [C_Small]
[lib_symbol_mismatch]: Symbol '+5V' doesn't match copy in library 'power'
    ; warning
    @(7.62 mm, 0.00 mm): Symbol #PWR002 [+5V]
[lib_symbol_mismatch]: Symbol 'C_Small' doesn't match copy in library 'Device'
    ; warning
    @(10.16 mm, 5.08 mm): Symbol C2 [C_Small]
[lib_symbol_mismatch]: Symbol 'R' doesn't match copy in library 'Device'
    ; warning
    @(5.08 mm, 12.70 mm): Symbol R1 [R]
[lib_symbol_mismatch]: Symbol '+12V' doesn't match copy in library 'power'
    ; warning
    @(15.24 mm, 0.00 mm): Symbol #PWR003 [+12V]
[lib_symbol_mismatch]: Symbol 'C_Small' doesn't match copy in library 'Device'
    ; warning
    @(15.24 mm, 5.08 mm): Symbol C3 [C_Small]
[lib_symbol_mismatch]: Symbol 'R' doesn't match copy in library 'Device'
    ; warning
    @(10.16 mm, 12.70 mm): Symbol R2 [R]
[lib_symbol_mismatch]: Symbol 'C_Small' doesn't match copy in library 'Device'
    ; warning
    @(20.32 mm, 5.08 mm): Symbol C4 [C_Small]
[lib_symbol_mismatch]: Symbol 'GND' doesn't match copy in library 'power'
    ; warning
    @(22.86 mm, 0.00 mm): Symbol #PWR004 [GND]
[lib_symbol_mismatch]: Symbol 'C_Small' doesn't match copy in library 'Device'
    ; warning
    @(15.24 mm, 17.78 mm): Symbol C6 [C_Small]
[lib_symbol_mismatch]: Symbol 'Crystal' doesn't match copy in library 'Device'
    ; warning
    @(20.32 mm, 12.70 mm): Symbol Y1 [Crystal]
[lib_symbol_mismatch]: Symbol 'C_Small' doesn't match copy in library 'Device'
    ; warning
    @(25.40 mm, 5.08 mm): Symbol C5 [C_Small]
[lib_symbol_mismatch]: Symbol 'VDDA' doesn't match copy in library 'power'
    ; warning
    @(30.48 mm, 0.00 mm): Symbol #PWR005 [VDDA]
[lib_symbol_mismatch]: Symbol 'L_Small' doesn't match copy in library 'Device'
    ; warning
    @(30.48 mm, 5.08 mm): Symbol L1 [L_Small]
[lib_symbol_mismatch]: Symbol 'C_Small' doesn't match copy in library 'Device'
    ; warning
    @(25.40 mm, 17.78 mm): Symbol C7 [C_Small]
[lib_symbol_mismatch]: Symbol 'R' doesn't match copy in library 'Device'
    ; warning
    @(38.10 mm, 5.08 mm): Symbol R29 [R]
[lib_symbol_mismatch]: Symbol 'R' doesn't match copy in library 'Device'
    ; warning
    @(5.08 mm, 55.88 mm): Symbol R5 [R]
[lib_symbol_mismatch]: Symbol 'R' doesn't match copy in library 'Device'
    ; warning
    @(30.48 mm, 55.88 mm): Symbol R8 [R]
[lib_symbol_mismatch]: Symbol 'BC547' doesn't match copy in library 'Transistor_BJT'
    ; warning
    @(5.08 mm, 63.50 mm): Symbol Q1 [BC547]
[lib_symbol_mismatch]: Symbol 'R' doesn't match copy in library 'Device'
    ; warning
    @(35.56 mm, 55.88 mm): Symbol R10 [R]
[lib_symbol_mismatch]: Symbol 'R' doesn't match copy in library 'Device'
    ; warning
    @(40.64 mm, 55.88 mm): Symbol R12 [R]
[lib_symbol_mismatch]: Symbol 'BC547' doesn't match copy in library 'Transistor_BJT'
    ; warning
    @(30.48 mm, 63.50 mm): Symbol Q2 [BC547]
[lib_symbol_mismatch]: Symbol 'R' doesn't match copy in library 'Device'
    ; warning
    @(45.72 mm, 55.88 mm): Symbol R14 [R]
[lib_symbol_mismatch]: Symbol 'BC547' doesn't match copy in library 'Transistor_BJT'
    ; warning
    @(35.56 mm, 63.50 mm): Symbol Q3 [BC547]
[lib_symbol_mismatch]: Symbol 'BC547' doesn't match copy in library 'Transistor_BJT'
    ; warning
    @(40.64 mm, 63.50 mm): Symbol Q4 [BC547]
[lib_symbol_mismatch]: Symbol 'R' doesn't match copy in library 'Device'
    ; warning
    @(50.80 mm, 55.88 mm): Symbol R16 [R]
[lib_symbol_mismatch]: Symbol 'R' doesn't match copy in library 'Device'
    ; warning
    @(5.08 mm, 76.20 mm): Symbol R6 [R]
[lib_symbol_mismatch]: Symbol 'R' doesn't match copy in library 'Device'
    ; warning
    @(30.48 mm, 71.12 mm): Symbol R9 [R]
[lib_symbol_mismatch]: Symbol 'BC547' doesn't match copy in library 'Transistor_BJT'
    ; warning
    @(45.72 mm, 63.50 mm): Symbol Q5 [BC547]
[lib_symbol_mismatch]: Symbol 'R' doesn't match copy in library 'Device'
    ; warning
    @(55.88 mm, 55.88 mm): Symbol R18 [R]
[lib_symbol_mismatch]: Symbol 'R' doesn't match copy in library 'Device'
    ; warning
    @(35.56 mm, 71.12 mm): Symbol R11 [R]
[lib_symbol_mismatch]: Symbol 'BC547' doesn't match copy in library 'Transistor_BJT'
    ; warning
    @(50.80 mm, 63.50 mm): Symbol Q6 [BC547]
[lib_symbol_mismatch]: Symbol 'R' doesn't match copy in library 'Device'
    ; warning
    @(5.08 mm, 81.28 mm): Symbol R7 [R]
[lib_symbol_mismatch]: Symbol 'R' doesn't match copy in library 'Device'
    ; warning
    @(40.64 mm, 71.12 mm): Symbol R13 [R]
[lib_symbol_mismatch]: Symbol 'R' doesn't match copy in library 'Device'
    ; warning
    @(60.96 mm, 55.88 mm): Symbol R20 [R]
[lib_symbol_mismatch]: Symbol 'R' doesn't match copy in library 'Device'
    ; warning
    @(45.72 mm, 71.12 mm): Symbol R15 [R]
[lib_symbol_mismatch]: Symbol 'BC547' doesn't match copy in library 'Transistor_BJT'
    ; warning
    @(55.88 mm, 63.50 mm): Symbol Q7 [BC547]
[lib_symbol_mismatch]: Symbol 'R' doesn't match copy in library 'Device'
    ; warning
    @(66.04 mm, 55.88 mm): Symbol R32 [R]
[lib_symbol_mismatch]: Symbol 'R' doesn't match copy in library 'Device'
    ; warning
    @(50.80 mm, 71.12 mm): Symbol R17 [R]
[lib_symbol_mismatch]: Symbol 'Conn_01x06' doesn't match copy in library 'Connector_Generic'
    ; warning
    @(5.08 mm, 88.90 mm): Symbol J2 [Conn_01x06]
[lib_symbol_mismatch]: Symbol 'R' doesn't match copy in library 'Device'
    ; warning
    @(55.88 mm, 71.12 mm): Symbol R19 [R]
[lib_symbol_mismatch]: Symbol 'Conn_01x08' doesn't match copy in library 'Connector_Generic'
    ; warning
    @(40.64 mm, 81.28 mm): Symbol J3 [Conn_01x08]
[lib_symbol_mismatch]: Symbol 'R' doesn't match copy in library 'Device'
    ; warning
    @(76.20 mm, 55.88 mm): Symbol R21 [R]
[lib_symbol_mismatch]: Symbol 'BC547' doesn't match copy in library 'Transistor_BJT'
    ; warning
    @(76.20 mm, 63.50 mm): Symbol Q8 [BC547]
[lib_symbol_mismatch]: Symbol 'R' doesn't match copy in library 'Device'
    ; warning
    @(83.82 mm, 55.88 mm): Symbol R22 [R]
[lib_symbol_mismatch]: Symbol 'R' doesn't match copy in library 'Device'
    ; warning
    @(101.60 mm, 5.08 mm): Symbol R3 [R]
[lib_symbol_mismatch]: Symbol 'BC547' doesn't match copy in library 'Transistor_BJT'
    ; warning
    @(83.82 mm, 63.50 mm): Symbol Q9 [BC547]
[lib_symbol_mismatch]: Symbol 'R' doesn't match copy in library 'Device'
    ; warning
    @(106.68 mm, 5.08 mm): Symbol R4 [R]
[lib_symbol_mismatch]: Symbol 'Conn_01x04' doesn't match copy in library 'Connector_Generic'
    ; warning
    @(106.68 mm, 12.70 mm): Symbol J1 [Conn_01x04]
[lib_symbol_mismatch]: Symbol 'PCF8574P' doesn't match copy in library 'Interface_Expansion'
    ; warning
    @(114.30 mm, 12.70 mm): Symbol U2 [PCF8574P]
[lib_symbol_mismatch]: Symbol 'R' doesn't match copy in library 'Device'
    ; warning
    @(96.52 mm, 63.50 mm): Symbol R30 [R]
[lib_symbol_mismatch]: Symbol 'AT24CS02-SSHM' doesn't match copy in library 'Memory_EEPROM'
    ; warning
    @(114.30 mm, 30.48 mm): Symbol U3 [AT24CS02-SSHM]
[lib_symbol_mismatch]: Symbol 'R' doesn't match copy in library 'Device'
    ; warning
    @(101.60 mm, 63.50 mm): Symbol R31 [R]
[lib_symbol_mismatch]: Symbol 'LED' doesn't match copy in library 'Device'
    ; warning
    @(96.52 mm, 71.12 mm): Symbol D1 [LED]
[lib_symbol_mismatch]: Symbol 'R' doesn't match copy in library 'Device'
    ; warning
    @(106.68 mm, 55.88 mm): Symbol R23 [R]
[lib_symbol_mismatch]: Symbol 'LED' doesn't match copy in library 'Device'
    ; warning
    @(101.60 mm, 71.12 mm): Symbol D2 [LED]
[lib_symbol_mismatch]: Symbol 'R' doesn't match copy in library 'Device'
    ; warning
    @(111.76 mm, 55.88 mm): Symbol R24 [R]
[lib_symbol_mismatch]: Symbol 'R' doesn't match copy in library 'Device'
    ; warning
    @(106.68 mm, 71.12 mm): Symbol R27 [R]
[lib_symbol_mismatch]: Symbol 'R' doesn't match copy in library 'Device'
    ; warning
    @(116.84 mm, 55.88 mm): Symbol R25 [R]
[lib_symbol_mismatch]: Symbol 'R' doesn't match copy in library 'Device'
    ; warning
    @(111.76 mm, 71.12 mm): Symbol R28 [R]
[lib_symbol_mismatch]: Symbol 'R' doesn't match copy in library 'Device'
    ; warning
    @(121.92 mm, 55.88 mm): Symbol R26 [R]

 ** ERC messages: 250  Errors 188  Warnings 62

 ** Ignored checks:
    - Global label only appears once in the schematic
    - Four connection points are joined together
    - SPICE model issue
    - Assigned footprint doesn't match footprint filters
